// Jest Snapshot v1, https://goo.gl/fbAQLP

exports[`<App /> shallow rendering matches snapshot 1`] = `
<BrowserRouter>
  <React.Fragment>
    <styled.div>
      <Switch>
        <Route
          path="/about"
          render={[Function]}
        />
        <Route
          path="/work"
          render={[Function]}
        />
        <Route
          path="/contact"
          render={[Function]}
        />
        <Route
          path="/"
          render={[Function]}
        />
      </Switch>
    </styled.div>
  </React.Fragment>
</BrowserRouter>
`;
